8086/87/88/186 MACRO ASSEMBLER    RPIN                                                     08:38:19  11/21/<1  PAGE    1


DOS 5.0 (038-N) 8086/87/88/186 MACRO ASSEMBLER V2.1 ASSEMBLY OF MODULE RPIN
OBJECT MODULE PLACED IN RHPIN.OBJ
ASSEMBLER INVOKED BY:  C:\PLM86\ASM86.EXE RHPIN.A86


LOC  OBJ                  LINE     SOURCE

                             1     ;       Code and Data Interface for PIN RSP
                             2     ;       Virtual console support for Concurrent CP/M
                             3     
                             4     ;       March 30, 1982
                             5     
                             6     name    rpin
                             7     
                             8     cgroup  group   code
                             9     dgroup  group   dats 
                            10     
                            11     assume   cs:cgroup,ds:dgroup
                            12     
                            13             public  xdos,mon1,mon2,mon3,mon4,intsys
                            14             public  rsplink, pd, ncopies, udaseg
                            15             public  u_retseg, u_wrkseg, u_insys
                            16             extrn  plmstart:near
                            17     
----                        18     dats    segment  public 'DATA'
0000                        19     org     0
                            20     
  0068                      21     rlr             equ     68h     ;ready list root
  0010                      22     p_uda           equ     10h     ;UDA in process descriptor
  0000                      23     supervisor      equ     0       ;supervisor entry point for internal
  0047                      24     nvcns           equ     47h
  009F                      25     npcns           equ     9fh     ; XIOS # physical consoles
  0010                      26     rsphdr_len      equ     16
  0030                      27     pd_len          equ     30H
  0100                      28     uda_len         equ     100H
  0060                      29     insysoff        equ     60H
  0000                      30     rsp_top         equ     0
  0010                      31     rsp_pd          equ     rsp_top + rsphdr_len
  0040                      32     rsp_uda         equ     rsp_pd + pd_len
  0140                      33     rsp_bottom      equ     rsp_uda + uda_len
                            34     
0000                        35             org     rsp_top
                            36                                     ;RSP header
0000 0000                   37     rsplink dw      0               ;becomes system data page paragraph
0002 9F00                   38     sdatvar dw      npcns           ;Tell Gensys to make 1 for each phys. cons.
0004 00                     39     ncopies db      0
0005 0000                   40             dw      0,0,0,0, 0
0007 0000
0009 0000
000B 0000
000D 0000
000F 00                     41             db      0
0010                        42             org     rsp_pd
0010 0000                   43     pd      dw      0,0             ;link fields
0012 0000
0014 00                     44             db      0               ;status
0015 B9                     45             db      185             ;initial priority better than TMP - worse than
8086/87/88/186 MACRO ASSEMBLER    RPIN                                                     08:38:19  11/21/<1  PAGE    2


LOC  OBJ                  LINE     SOURCE

                            46                                     ;VOUT
0016 0300                   47             dw      3               ;flags - system and keep
0018 50494E20202020         48             db      'PIN     '      ;name
     20
0020 0400                   49     udaseg  dw      rsp_uda/10h     ;uda paragraph
0022 00                     50             db      0,0             ;disk,user
0023 00
0024 00                     51             db      0,0             ;ldisk,luser
0025 00
0026 FF00                   52             dw      0ffh            ;puremem - re-entrant
                            53                                     ;rest of pd
                            54     
0040                        55     org     rsp_uda                 ;start of uda
0040 0000                   56     uda             dw      0
0042 0000                   57                     dw      0       ;no default DMA
0044 0000                   58                     dw      0,0,0,0, 0,0,0,0, 0,0,0,0
0046 0000
0048 0000
004A 0000
004C 0000
004E 0000
0050 0000
0052 0000
0054 0000
0056 0000
0058 0000
005A 0000
005C 0000                   59                     dw      0,0,0,0, 0,0,0,0, 0,0,0,0
005E 0000
0060 0000
0062 0000
0064 0000
0066 0000
0068 0000
006A 0000
006C 0000
006E 0000
0070 0000
0072 0000
0074 3A01           R       60                     dw      offset stk_top
0076 0000                   61                     dw      0,0,0,0, 0,0,0,0
0078 0000
007A 0000
007C 0000
007E 0000
0080 0000
0082 0000
0084 0000
0086 0000                   62     u_wrkseg        dw      0
0088 0000                   63     u_retseg        dw      0
00A0                        64     org     rsp_uda + insysoff
00A0 01                     65     u_insys         db      1
00A1 00                     66                     db      0       ;u_stat_save
00A2 0000                   67                     dw      0       ;ccb
00A4 0000                   68                     dw      0       ;lcb
8086/87/88/186 MACRO ASSEMBLER    RPIN                                                     08:38:19  11/21/<1  PAGE    3


LOC  OBJ                  LINE     SOURCE

00A6 00                     69                     db      0       ;print string delimiter
                            70             
00A7 (147                   71                     db      93h dup (0cch)  ;fill rest of UDA stack with INT3s
     CC
     )
                            72     
013A 0000           E       73     stk_top         dw      plmstart
013C 0000                   74                     dw      0,0             ;segment, flags: unknown
013E 0000
                            75     
----                        76     dats ends
                            77     
----                        78     code    segment public  'CODE'
                            79     
0000                        80     xdos    proc    
0000 55                     81             push    bp
0001 8BEC                   82             mov     bp,sp
0003 8B5604                 83             mov     dx,[bp+4]
0006 8B4E06                 84             mov     cx,[bp+6]
0009 CDE0                   85             int     224
000B 5D                     86             pop     bp
000C C20400                 87             ret     4
                            88     xdos    endp
                            89     
000F                        90     intsys  proc                            ;call O.S. as if we are
000F 55                     91             push bp                         ;already in it
0010 8BEC                   92             mov bp,sp
0012 8B5E04                 93             mov bx,[bp+4]
0015 8B5606                 94             mov dx,[bp+6]
0018 8B4E08                 95             mov cx,[bp+8]
                            96     
001B 1E                     97             push ds
001C 8E1E0000       R       98             mov ds,rsplink                  ;DS = Sysdat Segment
0020 8B366800               99             mov si,ds:word ptr rlr
0024 8E4410                100             mov es,[si+p_uda]
0027 FF1E0000              101             call ds:dword ptr [supervisor]
002B 1F                    102             pop ds
                           103     
002C 5D                    104             pop bp
002D C20600                105             ret 6
                           106     intsys  endp
                           107     
  0000                     108     mon1    equ     xdos
  0000                     109     mon2    equ     xdos
  0000                     110     mon3    equ     xdos
  0000                     111     mon4    equ     xdos
----                       112     code    ends
                           113     end

ASSEMBLY COMPLETE, NO ERRORS FOUND
